\BOOKMARK [0][-]{chapter.1}{\376\377\000I\000n\000t\000r\000o\000d\000u\000z\000i\000o\000n\000e\000\040\000e\000\040\000s\000c\000o\000p\000o\000\040\000d\000e\000l\000\040\000d\000o\000c\000u\000m\000e\000n\000t\000o}{}% 1
\BOOKMARK [1][-]{section.1.1}{\376\377\000I\000l\000\040\000p\000r\000o\000b\000l\000e\000m\000a}{chapter.1}% 2
\BOOKMARK [1][-]{section.1.2}{\376\377\000I\000l\000\040\000r\000u\000o\000l\000o\000\040\000d\000e\000l\000\040\000q\000u\000e\000s\000t\000i\000o\000n\000a\000r\000i\000o}{chapter.1}% 3
\BOOKMARK [1][-]{section.1.3}{\376\377\000C\000o\000s\000a\000\040\000c\000o\000n\000t\000i\000e\000n\000e\000\040\000q\000u\000e\000s\000t\000o\000\040\000d\000o\000c\000u\000m\000e\000n\000t\000o}{chapter.1}% 4
\BOOKMARK [0][-]{chapter.2}{\376\377\000P\000e\000r\000c\000h\000\351\000\040\000u\000n\000\040\000M\000I\000L\000P\000\040\000c\000o\000n\000\040\000e\000r\000r\000o\000r\000e\000\040\000L\0001}{}% 5
\BOOKMARK [1][-]{section.2.1}{\376\377\000I\000l\000\040\000v\000i\000n\000c\000o\000l\000o\000\040\000i\000m\000p\000o\000s\000t\000o\000\040\000d\000a\000l\000\040\000s\000o\000l\000v\000e\000r}{chapter.2}% 6
\BOOKMARK [1][-]{section.2.2}{\376\377\000D\000a\000l\000l\000'\000e\000r\000r\000o\000r\000e\000\040\000q\000u\000a\000d\000r\000a\000t\000i\000c\000o\000\040\000a\000l\000l\000'\000e\000r\000r\000o\000r\000e\000\040\000a\000s\000s\000o\000l\000u\000t\000o}{chapter.2}% 7
\BOOKMARK [2][-]{subsection.2.2.1}{\376\377\000L\000a\000\040\000l\000i\000n\000e\000a\000r\000i\000z\000z\000a\000z\000i\000o\000n\000e}{section.2.2}% 8
\BOOKMARK [1][-]{section.2.3}{\376\377\000C\000o\000n\000s\000e\000g\000u\000e\000n\000z\000a\000\040\000s\000u\000l\000l\000a\000\040\000s\000c\000a\000l\000a\000\040\000d\000e\000l\000l\000e\000\040\000p\000e\000n\000a\000l\000i\000t\000\340}{chapter.2}% 9
\BOOKMARK [0][-]{chapter.3}{\376\377\000N\000o\000t\000a\000z\000i\000o\000n\000e}{}% 10
\BOOKMARK [1][-]{section.3.1}{\376\377\000I\000n\000d\000i\000c\000i\000\040\000e\000\040\000i\000n\000s\000i\000e\000m\000i}{chapter.3}% 11
\BOOKMARK [1][-]{section.3.2}{\376\377\000D\000a\000t\000i\000\040\000d\000e\000l\000\040\000p\000r\000o\000b\000l\000e\000m\000a}{chapter.3}% 12
\BOOKMARK [1][-]{section.3.3}{\376\377\000V\000a\000r\000i\000a\000b\000i\000l\000i\000\040\000d\000i\000\040\000d\000e\000c\000i\000s\000i\000o\000n\000e}{chapter.3}% 13
\BOOKMARK [1][-]{section.3.4}{\376\377\000C\000o\000e\000f\000f\000i\000c\000i\000e\000n\000t\000i\000\040\000d\000i\000\040\000p\000e\000n\000a\000l\000i\000t\000\340}{chapter.3}% 14
\BOOKMARK [0][-]{chapter.4}{\376\377\000L\000a\000\040\000p\000i\000p\000e\000l\000i\000n\000e\000\040\000d\000i\000\040\000e\000l\000a\000b\000o\000r\000a\000z\000i\000o\000n\000e}{}% 15
\BOOKMARK [1][-]{section.4.1}{\376\377\000I\000\040\000t\000r\000e\000\040\000p\000a\000s\000s\000i}{chapter.4}% 16
\BOOKMARK [1][-]{section.4.2}{\376\377\000S\000e\000l\000e\000z\000i\000o\000n\000e\000\040\000d\000e\000l\000\040\000p\000e\000r\000i\000o\000d\000o\000\040\000d\000i\000\040\000a\000n\000a\000l\000i\000s\000i}{chapter.4}% 17
\BOOKMARK [0][-]{chapter.5}{\376\377\000I\000l\000\040\000m\000o\000d\000e\000l\000l\000o}{}% 18
\BOOKMARK [1][-]{section.5.1}{\376\377\000D\000u\000e\000\040\000g\000r\000u\000p\000p\000i\000\040\000d\000i\000\040\000a\000p\000p\000a\000r\000e\000c\000c\000h\000i\000\040\000e\000\040\000l\000i\000v\000e\000l\000l\000i\000\040\000d\000i\000\040\000p\000o\000t\000e\000n\000z\000a}{chapter.5}% 19
\BOOKMARK [1][-]{section.5.2}{\376\377\000A\000p\000p\000a\000r\000e\000c\000c\000h\000i\000\040\000s\000e\000m\000p\000r\000e\000\040\000a\000c\000c\000e\000s\000i}{chapter.5}% 20
\BOOKMARK [1][-]{section.5.3}{\376\377\000R\000i\000c\000o\000s\000t\000r\000u\000z\000i\000o\000n\000e\000\040\000d\000e\000l\000\040\000s\000e\000g\000n\000a\000l\000e}{chapter.5}% 21
\BOOKMARK [1][-]{section.5.4}{\376\377\000T\000r\000a\000n\000s\000i\000z\000i\000o\000n\000i\000\040\000e\000\040\000c\000o\000n\000t\000e\000g\000g\000i\000o\000\040\000d\000e\000l\000l\000e\000\040\000a\000c\000c\000e\000n\000s\000i\000o\000n\000i}{chapter.5}% 22
\BOOKMARK [1][-]{section.5.5}{\376\377\000D\000u\000r\000a\000t\000a\000\040\000d\000e\000i\000\040\000c\000i\000c\000l\000i}{chapter.5}% 23
\BOOKMARK [1][-]{section.5.6}{\376\377\000Q\000u\000o\000t\000a\000\040\000s\000e\000t\000t\000i\000m\000a\000n\000a\000l\000e\000\040\000d\000i\000\040\000u\000t\000i\000l\000i\000z\000z\000i}{chapter.5}% 24
\BOOKMARK [1][-]{section.5.7}{\376\377\000S\000t\000a\000g\000i\000o\000n\000a\000l\000i\000t\000\340\000\040\000e\000\040\000s\000p\000e\000c\000i\000f\000i\000c\000i\000t\000\340\000\040\000d\000e\000l\000l\000a\000\040\000f\000a\000s\000c\000i\000a\000\040\000o\000r\000a\000r\000i\000a}{chapter.5}% 25
\BOOKMARK [1][-]{section.5.8}{\376\377\000L\000a\000\040\000f\000u\000n\000z\000i\000o\000n\000e\000\040\000o\000b\000i\000e\000t\000t\000i\000v\000o\000\040\000c\000o\000m\000p\000l\000e\000t\000a}{chapter.5}% 26
\BOOKMARK [0][-]{chapter.6}{\376\377\000A\000n\000a\000t\000o\000m\000i\000a\000\040\000d\000e\000l\000l\000a\000\040\000f\000u\000n\000z\000i\000o\000n\000e\000\040\000o\000b\000i\000e\000t\000t\000i\000v\000o}{}% 27
\BOOKMARK [1][-]{section.6.1}{\376\377\000I\000l\000\040\000p\000r\000i\000n\000c\000i\000p\000i\000o\000\040\000u\000n\000i\000f\000i\000c\000a\000n\000t\000e\000:\000\040\000o\000m\000o\000g\000e\000n\000e\000i\000t\000\340\000\040\000d\000i\000m\000e\000n\000s\000i\000o\000n\000a\000l\000e}{chapter.6}% 28
\BOOKMARK [1][-]{section.6.2}{\376\377\000T\000e\000r\000m\000i\000n\000e\000\040\0001\000\040\040\024\000\040\000E\000r\000r\000o\000r\000e\000\040\000d\000i\000\040\000r\000i\000c\000o\000s\000t\000r\000u\000z\000i\000o\000n\000e}{chapter.6}% 29
\BOOKMARK [1][-]{section.6.3}{\376\377\000T\000e\000r\000m\000i\000n\000e\000\040\0002\000\040\040\024\000\040\000F\000a\000s\000c\000i\000a\000\040\000o\000r\000a\000r\000i\000a}{chapter.6}% 30
\BOOKMARK [1][-]{section.6.4}{\376\377\000T\000e\000r\000m\000i\000n\000e\000\040\0003\000\040\040\024\000\040\000N\000u\000m\000e\000r\000o\000\040\000d\000i\000\040\000a\000c\000c\000e\000n\000s\000i\000o\000n\000i}{chapter.6}% 31
\BOOKMARK [1][-]{section.6.5}{\376\377\000T\000e\000r\000m\000i\000n\000e\000\040\0004\000\040\040\024\000\040\000D\000u\000r\000a\000t\000a\000\040\000d\000e\000i\000\040\000c\000i\000c\000l\000i}{chapter.6}% 32
\BOOKMARK [1][-]{section.6.6}{\376\377\000T\000e\000r\000m\000i\000n\000e\000\040\0005\000\040\040\024\000\040\000M\000o\000n\000t\000e\000\040\000o\000r\000e\000\040\000g\000i\000o\000r\000n\000a\000l\000i\000e\000r\000o}{chapter.6}% 33
\BOOKMARK [1][-]{section.6.7}{\376\377\000T\000e\000r\000m\000i\000n\000e\000\040\0006\000\040\040\024\000\040\000Q\000u\000o\000t\000a\000\040\000s\000e\000t\000t\000i\000m\000a\000n\000a\000l\000e}{chapter.6}% 34
\BOOKMARK [1][-]{section.6.8}{\376\377\000T\000e\000r\000m\000i\000n\000e\000\040\0007\000\040\040\024\000\040\000S\000t\000a\000g\000i\000o\000n\000a\000l\000i\000t\000\340}{chapter.6}% 35
\BOOKMARK [1][-]{section.6.9}{\376\377\000T\000e\000r\000m\000i\000n\000e\000\040\0008\000\040\040\024\000\040\000S\000p\000e\000c\000i\000f\000i\000c\000i\000t\000\340\000\040\000d\000e\000l\000l\000a\000\040\000f\000a\000s\000c\000i\000a\000\040\000o\000r\000a\000r\000i\000a}{chapter.6}% 36
\BOOKMARK [0][-]{chapter.7}{\376\377\000I\000l\000\040\000f\000a\000t\000t\000o\000r\000e\000\040\000t\000e\000m\000p\000o\000r\000a\000l\000e\000\040\000f\000i\000\050\000t\000\051}{}% 37
\BOOKMARK [1][-]{section.7.1}{\376\377\000F\000o\000r\000m\000u\000l\000a\000z\000i\000o\000n\000e\000\040\000c\000o\000m\000p\000l\000e\000t\000a}{chapter.7}% 38
\BOOKMARK [1][-]{section.7.2}{\376\377\000P\000r\000i\000m\000a\000\040\000c\000o\000m\000p\000o\000n\000e\000n\000t\000e\000:\000\040\000d\000i\000s\000t\000a\000n\000z\000a\000\040\000d\000a\000l\000l\000a\000\040\000f\000a\000s\000c\000i\000a}{chapter.7}% 39
\BOOKMARK [1][-]{section.7.3}{\376\377\000S\000e\000c\000o\000n\000d\000a\000\040\000c\000o\000m\000p\000o\000n\000e\000n\000t\000e\000:\000\040\000g\000e\000n\000e\000r\000i\000c\000i\000t\000\340\000\040\000d\000e\000l\000l\000a\000\040\000d\000i\000c\000h\000i\000a\000r\000a\000z\000i\000o\000n\000e}{chapter.7}% 40
\BOOKMARK [2][-]{subsection.7.3.1}{\376\377\000I\000l\000\040\000p\000r\000o\000b\000l\000e\000m\000a\000\040\000c\000h\000e\000\040\000r\000i\000s\000o\000l\000v\000e}{section.7.3}% 41
\BOOKMARK [2][-]{subsection.7.3.2}{\376\377\000L\000'\000i\000m\000p\000o\000s\000t\000a\000z\000i\000o\000n\000e\000\040\000c\000o\000r\000r\000e\000t\000t\000a}{section.7.3}% 42
\BOOKMARK [2][-]{subsection.7.3.3}{\376\377\000D\000a\000\040\000d\000o\000v\000e\000\040\000v\000i\000e\000n\000e\000\040\000l\000a\000\040\000f\000o\000r\000m\000a\000\040\000l\000o\000g\000a\000r\000i\000t\000m\000i\000c\000a}{section.7.3}% 43
\BOOKMARK [2][-]{subsection.7.3.4}{\376\377\000V\000a\000l\000o\000r\000i\000\040\000s\000u\000l\000\040\000c\000a\000m\000p\000i\000o\000n\000e\000\040\000r\000e\000a\000l\000e}{section.7.3}% 44
\BOOKMARK [2][-]{subsection.7.3.5}{\376\377\000E\000f\000f\000e\000t\000t\000o\000\040\000s\000u\000l\000l\000'\000o\000r\000d\000i\000n\000a\000m\000e\000n\000t\000o}{section.7.3}% 45
\BOOKMARK [1][-]{section.7.4}{\376\377\000I\000l\000\040\000c\000a\000s\000o\000\040\000w\000\040\000=\000\040\0000}{chapter.7}% 46
\BOOKMARK [0][-]{chapter.8}{\376\377\000P\000a\000r\000a\000m\000e\000t\000r\000i\000\040\000e\000\040\000t\000a\000r\000a\000t\000u\000r\000a}{}% 47
\BOOKMARK [1][-]{section.8.1}{\376\377\000Q\000u\000a\000d\000r\000o\000\040\000c\000o\000m\000p\000l\000e\000t\000o\000\040\000d\000e\000i\000\040\000p\000a\000r\000a\000m\000e\000t\000r\000i}{chapter.8}% 48
\BOOKMARK [1][-]{section.8.2}{\376\377\000P\000u\000n\000t\000i\000\040\000d\000i\000\040\000p\000a\000r\000e\000g\000g\000i\000o}{chapter.8}% 49
\BOOKMARK [1][-]{section.8.3}{\376\377\000O\000s\000s\000e\000r\000v\000a\000z\000i\000o\000n\000i\000\040\000s\000p\000e\000r\000i\000m\000e\000n\000t\000a\000l\000i}{chapter.8}% 50
\BOOKMARK [2][-]{subsection.8.3.1}{\376\377\000L\000a\000\040\000p\000e\000n\000a\000l\000i\000t\000\340\000\040\000d\000i\000\040\000f\000a\000s\000c\000i\000a\000\040\000o\000r\000a\000r\000i\000a\000\040\000\350\000\040\000t\000r\000o\000p\000p\000o\000\040\000f\000o\000r\000t\000e\000\040\000a\000l\000\040\000v\000a\000l\000o\000r\000e\000\040\000p\000r\000e\000d\000e\000f\000i\000n\000i\000t\000o}{section.8.3}% 51
